[2026-09-27T21:57:30.529Z] [info] [Bun] Hot-module-reloading socket connected, waiting for changes...
[2026-09-27T21:57:30.692Z] [info] [Bun] Hot-module-reloading socket connected, waiting for changes...
[2026-09-27T21:57:40.652Z] [info] [Bun] Hot-module-reloading socket connected, waiting for changes...
[2026-09-27T21:57:50.310Z] [info] [Bun] Hot-module-reloading socket connected, waiting for changes...
[2026-09-27T21:58:00.019Z] [info] [Bun] Hot-module-reloading socket connected, waiting for changes...
[2026-09-27T21:58:09.773Z] [info] [Bun] Hot-module-reloading socket connected, waiting for changes...
[2026-09-27T21:58:19.510Z] [info] [Bun] Hot-module-reloading socket connected, waiting for changes...
[2026-09-27T21:58:29.261Z] [info] [Bun] Hot-module-reloading socket connected, waiting for changes...
[2026-09-27T21:58:38.951Z] [info] [Bun] Hot-module-reloading socket connected, waiting for changes...
[2026-09-27T21:58:48.650Z] [info] [Bun] Hot-module-reloading socket connected, waiting for changes...
[2026-09-27T21:58:58.369Z] [info] [Bun] Hot-module-reloading socket connected, waiting for changes...
[2026-09-27T21:59:08.634Z] [info] [Bun] Hot-module-reloading socket connected, waiting for changes...
[2026-09-27T21:59:18.375Z] [info] [Bun] Hot-module-reloading socket connected, waiting for changes...
[2026-09-27T21:59:28.093Z] [info] [Bun] Hot-module-reloading socket connected, waiting for changes...
[2026-09-27T21:59:37.925Z] [info] [Bun] Hot-module-reloading socket connected, waiting for changes...
[2026-09-27T21:59:47.851Z] [info] [Bun] Hot-module-reloading socket connected, waiting for changes...
[2026-09-27T22:01:04.805Z] [warning] [Bun] Hot update was not accepted because it or its importers do not call `import.meta.hot.accept`. To prevent full page reloads, call `import.meta.hot.accept` in one of the following files to handle the update:

Module "src/lib/svgkit.ts" is not accepted by src/scenes/04-architecture.ts,
├ imported by "src/scenes/index.ts",
├ imported by "src/main.ts",
└ imported by "index.html".
Module "src/scenes/04-architecture.ts" is not accepted by src/scenes/index.ts,
├ imported by "src/main.ts",
└ imported by "index.html".
Module "src/scenes/02-divide.ts" is not accepted by src/scenes/index.ts,
├ imported by "src/main.ts",
└ imported by "index.html".
Module "src/scenes/06-lanes.ts" is not accepted by src/scenes/index.ts,
├ imported by "src/main.ts",
└ imported by "index.html".
Module "src/scenes/08-subgraph.ts" is not accepted by src/scenes/index.ts,
├ imported by "src/main.ts",
└ imported by "index.html".
Module "src/scene.ts" is not accepted by src/main.ts,
└ imported by "index.html".
Module "src/lib/dom.ts" is not accepted by src/main.ts,
└ imported by "index.html".
Module "src/lib/graph.ts" is not accepted by src/scenes/08-subgraph.ts,
├ imported by "src/scenes/index.ts",
├ imported by "src/main.ts",
└ imported by "index.html".
[2026-09-27T22:01:04.806Z] [info] [Bun] Hot-module-reloading socket connected, waiting for changes...
[2026-09-27T22:01:13.441Z] [info] [Bun] Hot-module-reloading socket connected, waiting for changes...
[2026-09-27T22:01:23.214Z] [info] [Bun] Hot-module-reloading socket connected, waiting for changes...
[2026-09-27T22:01:33.079Z] [info] [Bun] Hot-module-reloading socket connected, waiting for changes...
[2026-09-27T22:01:42.769Z] [info] [Bun] Hot-module-reloading socket connected, waiting for changes...
[2026-09-27T22:01:52.470Z] [info] [Bun] Hot-module-reloading socket connected, waiting for changes...
[2026-09-27T22:02:02.236Z] [info] [Bun] Hot-module-reloading socket connected, waiting for changes...
[2026-09-27T22:02:11.979Z] [info] [Bun] Hot-module-reloading socket connected, waiting for changes...
[2026-09-27T22:02:18.343Z] [info] [Bun] Hot-module-reloading socket connected, waiting for changes...
[2026-09-27T22:02:48.256Z] [error] Failed to load resource: net::ERR_CONNECTION_RESET
[2026-09-27T22:02:48.256Z] [error] Failed to load resource: net::ERR_CONNECTION_RESET
[2026-09-27T22:02:48.256Z] [error] Failed to load resource: net::ERR_CONNECTION_RESET
[2026-09-27T22:02:50.484Z] [warning] [Bun] Hot update was not accepted because it or its importers do not call `import.meta.hot.accept`. To prevent full page reloads, call `import.meta.hot.accept` in one of the following files to handle the update:

Module "src/scenes/12-no-coordinator.ts" is not accepted by src/scenes/index.ts,
├ imported by "src/main.ts",
└ imported by "index.html".
Module "src/scenes/13-dashboard.ts" is not accepted by src/scenes/index.ts,
├ imported by "src/main.ts",
└ imported by "index.html".
Module "src/scenes/14-versus.ts" is not accepted by src/scenes/index.ts,
├ imported by "src/main.ts",
└ imported by "index.html".
Module "src/lib/sim.ts" is not accepted by src/scenes/13-dashboard.ts,
├ imported by "src/scenes/index.ts",
├ imported by "src/main.ts",
└ imported by "index.html".
[2026-09-27T22:02:50.529Z] [info] [Bun] Hot-module-reloading socket connected, waiting for changes...
[2026-09-27T22:02:50.574Z] [info] [Bun] Hot-module-reloading socket connected, waiting for changes...
[2026-09-27T22:03:00.445Z] [info] [Bun] Hot-module-reloading socket connected, waiting for changes...
[2026-09-27T22:03:18.180Z] [info] [Bun] Hot-module-reloading socket connected, waiting for changes...
[2026-09-27T22:03:27.906Z] [info] [Bun] Hot-module-reloading socket connected, waiting for changes...
[2026-09-27T22:03:37.648Z] [info] [Bun] Hot-module-reloading socket connected, waiting for changes...
[2026-09-27T22:03:47.410Z] [info] [Bun] Hot-module-reloading socket connected, waiting for changes...
[2026-09-27T22:03:47.486Z] [info] [Bun] Hot-module-reloading socket connected, waiting for changes...
[2026-09-27T22:04:19.421Z] [warning] [Bun] Hot-module-reloading socket disconnected, reconnecting...
